definitions = "definition.csv"
provinces = "provinces.png"
rivers = "rivers.png"
topology = "heightmap.heightmap"
continent = "continent.txt"
adjacencies = "adjacencies.csv"
island_region = "island_region.txt"
#geographical_region = "geographical_region.txt"
seasons = "seasons.txt"

#############
# SEA ZONES
#############
sea_zones = RANGE { 418 426 }
sea_zones = RANGE { 428 452 }
sea_zones = RANGE { 454 461 }
sea_zones = RANGE { 463 466 }
sea_zones = LIST { 468 }
sea_zones = RANGE { 470 487 }
sea_zones = LIST { 489 490 }
sea_zones = RANGE { 492 494 }
sea_zones = LIST { 499 500 }
sea_zones = RANGE { 502 502 }
sea_zones = LIST { 506 }
sea_zones = RANGE { 550 554 }
sea_zones = RANGE { 556 556 }
sea_zones = LIST { 719 720 }
sea_zones = RANGE { 860 860 }
sea_zones = RANGE { 1241 1243 }
sea_zones = RANGE { 1245 1248 }
sea_zones = RANGE { 1275 1276 }
sea_zones = RANGE { 1278 1278 }
sea_zones = RANGE { 1280 1280 }
sea_zones = RANGE { 1282 1282 }
sea_zones = RANGE { 1286 1291 }
sea_zones = RANGE { 1294 1294 }
sea_zones = LIST { 1812 }
sea_zones = RANGE { 1821 1821 }
sea_zones = LIST { 1956 1960 6045 }


#############
# IMPASSABLE SEAS
#############
impassable_seas = LIST { 1963 }


###############
# MAJOR RIVERS
###############
river_provinces = RANGE { 6731 6737 }		# Stormheim River
river_provinces = RANGE { 1425 1427 }		# Krasarang River
river_provinces = LIST { 2010 }		# Vir'naal River
river_provinces = LIST { 852 }		# Wintergrasp River
river_provinces = RANGE { 422 425 }		# South Elrendar River
river_provinces = RANGE { 2070 2076 }		# Southfury River
river_provinces = LIST { 812 813 }		# Lumberjack River
river_provinces = LIST { 856 }		# Seabreach Flow
river_provinces = RANGE { 6738 6746 }		# Azsuna River
river_provinces = LIST { 854 }		# Rainspeaker Rapids
river_provinces = RANGE { 414 416 }		# Northgate River
river_provinces = LIST { 853 }		# Frenzyheart River
river_provinces = LIST { 726 727 }		# Creek River
river_provinces = LIST { 1424 }		# Dojani River
river_provinces = LIST { 1454 1455 }		# Gokk'lok Shallows
river_provinces = LIST { 2291 }		# Kingsmouth River
river_provinces = LIST { 1336 }		# Lake Nazferiti
river_provinces = RANGE { 1326 1335 }		# Nazferiti River
river_provinces = LIST { 1337 }		# Nazferiti River
river_provinces = LIST { 1435 }		# Gilded Fan
river_provinces = RANGE { 1428 1433 }		# Yan-Zhe River
river_provinces = RANGE { 809 811 }		# Dragonspine Tributary
river_provinces = RANGE { 419 421 }		# North Elrendar River
river_provinces = RANGE { 2292 2294 }		# Shattered River
river_provinces = LIST { 1434 }		# Gilding Stream
river_provinces = RANGE { 1394 1399 }		# Slicky Stream
river_provinces = LIST { 2012 }		# Vir'naal Delta
river_provinces = RANGE { 6787 6794 }		# Broken Shores River
river_provinces = RANGE { 528 532 }		# Verrall River
river_provinces = RANGE { 6721 6730 }		# Suramar River


########
# LAKES
########
lakes = RANGE { 400 404 }
lakes = LIST { 408 409 }
lakes = RANGE { 416 417 }
lakes = RANGE { 573 579 }
lakes = RANGE { 581 587 }
lakes = RANGE { 589 589 }
lakes = LIST { 598 }
lakes = RANGE { 627 629 }
lakes = LIST { 632 }
lakes = RANGE { 655 657 }
lakes = LIST { 680 711 712 718 733 735 754 755 759 761 835 836 847 }
lakes = RANGE { 1235 1240 }
lakes = RANGE { 1256 1272 }
lakes = LIST { 1754 }
lakes = RANGE { 1756 1768 }
lakes = LIST { 1770 }
lakes = RANGE { 1773 1811 }
lakes = RANGE { 1961 1961 }


#####################
# IMPASSABLE TERRAIN
#####################
impassable_mountains = LIST { 20 521 528 1023 1025 1736 1739 1740 }
impassable_mountains = RANGE { 1744 1752 }
impassable_mountains = LIST { 1964 }


############
# WASTELAND
############
impassable_mountains = LIST { 567 741 743 1820 1920 }



