definitions = "definition.csv"
provinces = "provinces.png"
rivers = "rivers.png"
topology = "heightmap.heightmap"
continent = "continent.txt"
adjacencies = "adjacencies.csv"
island_region = "island_region.txt"
geographical_region = "geographical_region.txt"
seasons = "seasons.txt"

#############
# SEA ZONES
#############
sea_zones = RANGE { 429 437 }
sea_zones = RANGE { 439 463 }
sea_zones = RANGE { 465 472 }
sea_zones = RANGE { 474 477 }
sea_zones = LIST { 479 }
sea_zones = RANGE { 481 498 }
sea_zones = LIST { 500 501 }
sea_zones = RANGE { 503 505 }
sea_zones = LIST { 510 511 }
sea_zones = RANGE { 513 525 }
sea_zones = LIST { 533 }
sea_zones = RANGE { 577 581 }
sea_zones = RANGE { 583 589 }
sea_zones = RANGE { 591 603 }
sea_zones = RANGE { 605 614 }
sea_zones = RANGE { 616 639 }
sea_zones = LIST { 815 816 }
sea_zones = RANGE { 956 965 }
sea_zones = RANGE { 973 978 }
sea_zones = LIST { 981 }
sea_zones = RANGE { 987 990 }
sea_zones = LIST { 1005 1007 1338 1339 }
sea_zones = RANGE { 1341 1343 }
sea_zones = LIST { 1345 1351 1352 1354 1355 1357 1358 1362 1364 }
sea_zones = RANGE { 1367 1370 }
sea_zones = LIST { 1373 1375 1376 1378 1379 1383 }
sea_zones = RANGE { 1385 1390 }
sea_zones = RANGE { 1408 1414 }
sea_zones = RANGE { 1416 1423 }
sea_zones = RANGE { 1456 1461 }
sea_zones = RANGE { 1463 1467 }
sea_zones = RANGE { 1469 1473 }
sea_zones = RANGE { 1475 1480 }
sea_zones = LIST { 1482 1484 }
sea_zones = RANGE { 1486 1524 }
sea_zones = LIST { 1526 1527 }
sea_zones = RANGE { 1529 1531 }
sea_zones = RANGE { 1533 1537 }
sea_zones = LIST { 1540 1542 }
sea_zones = RANGE { 1544 1556 }
sea_zones = LIST { 2069 }
sea_zones = RANGE { 2078 2098 }
sea_zones = LIST { 2100 2104 2107 2111 }
sea_zones = RANGE { 2116 2119 }
sea_zones = RANGE { 2122 2124 }
sea_zones = LIST { 2127 2132 2133 2135 2137 2138 }
sea_zones = RANGE { 2145 2149 }
sea_zones = RANGE { 2151 2172 }
sea_zones = RANGE { 2174 2178 }
sea_zones = RANGE { 2180 2182 }
sea_zones = LIST { 2285 2287 2290 6381 6382 }
sea_zones = RANGE { 6384 6386 }
sea_zones = LIST { 6405 }
sea_zones = RANGE { 6747 6767 }


#############
# IMPASSABLE SEAS
#############
impassable_seas = LIST { 2299 }


###############
# MAJOR RIVERS
###############
river_provinces = RANGE { 6731 6737 }		# Stormheim River
river_provinces = RANGE { 1425 1427 }		# Krasarang River
river_provinces = LIST { 2010 }		# Vir'naal River
river_provinces = LIST { 852 }		# Wintergrasp River
river_provinces = RANGE { 422 425 }		# South Elrendar River
river_provinces = RANGE { 2070 2076 }		# Southfury River
river_provinces = LIST { 812 813 }		# Lumberjack River
river_provinces = LIST { 856 }		# Seabreach Flow
river_provinces = RANGE { 6738 6746 }		# Azsuna River
river_provinces = LIST { 854 }		# Rainspeaker Rapids
river_provinces = RANGE { 414 416 }		# Northgate River
river_provinces = LIST { 853 }		# Frenzyheart River
river_provinces = LIST { 726 727 }		# Creek River
river_provinces = LIST { 1424 }		# Dojani River
river_provinces = LIST { 1454 1455 }		# Gokk'lok Shallows
river_provinces = LIST { 2291 }		# Kingsmouth River
river_provinces = LIST { 1336 }		# Lake Nazferiti
river_provinces = RANGE { 1326 1335 }		# Nazferiti River
river_provinces = LIST { 1337 }		# Nazferiti River
river_provinces = LIST { 1435 }		# Gilded Fan
river_provinces = RANGE { 1428 1433 }		# Yan-Zhe River
river_provinces = RANGE { 809 811 }		# Dragonspine Tributary
river_provinces = RANGE { 419 421 }		# North Elrendar River
river_provinces = RANGE { 2292 2294 }		# Shattered River
river_provinces = LIST { 1434 }		# Gilding Stream
river_provinces = RANGE { 1394 1399 }		# Slicky Stream
river_provinces = LIST { 2012 }		# Vir'naal Delta
river_provinces = RANGE { 528 532 }		# Verrall River
river_provinces = RANGE { 6721 6730 }		# Suramar River


########
# LAKES
########
lakes = RANGE { 400 413 }
lakes = LIST { 417 418 }
lakes = RANGE { 426 428 }
lakes = RANGE { 653 669 }
lakes = RANGE { 671 679 }
lakes = RANGE { 681 685 }
lakes = LIST { 694 }
lakes = RANGE { 723 725 }
lakes = LIST { 728 }
lakes = RANGE { 751 753 }
lakes = LIST { 776 807 808 814 829 831 850 851 855 857 931 932 943 }
lakes = RANGE { 1400 1407 }
lakes = RANGE { 1436 1453 }
lakes = LIST { 2011 }
lakes = RANGE { 2013 2025 }
lakes = LIST { 2027 }
lakes = RANGE { 2030 2068 }
lakes = RANGE { 2295 2297 }


#####################
# IMPASSABLE TERRAIN
#####################
impassable_mountains = LIST { 20 548 555 1141 1143 1993 1996 1997 }
impassable_mountains = RANGE { 2001 2009 }
impassable_mountains = LIST { 2300 }


############
# WASTELAND
############
impassable_mountains = LIST { 647 837 839 2077 2249 }



