definitions = "definition.csv"
provinces = "provinces.png"
rivers = "rivers.png"
topology = "heightmap.heightmap"
continent = "continent.txt"
adjacencies = "adjacencies.csv"
island_region = "island_region.txt"
geographical_region = "geographical_region.txt"
seasons = "seasons.txt"

#############
# SEA ZONES
#############
sea_zones = RANGE { 429 437 }
sea_zones = RANGE { 439 463 }
sea_zones = RANGE { 465 472 }
sea_zones = RANGE { 474 477 }
sea_zones = LIST { 479 }
sea_zones = RANGE { 481 498 }
sea_zones = LIST { 500 501 }
sea_zones = RANGE { 503 505 }
sea_zones = LIST { 510 511 }
sea_zones = RANGE { 513 525 }
sea_zones = LIST { 533 }
sea_zones = RANGE { 577 581 }
sea_zones = RANGE { 583 589 }
sea_zones = RANGE { 591 603 }
sea_zones = RANGE { 605 614 }
sea_zones = RANGE { 616 643 }
sea_zones = LIST { 815 816 }
sea_zones = RANGE { 956 1007 }
sea_zones = RANGE { 1338 1393 }
sea_zones = RANGE { 1408 1423 }
sea_zones = RANGE { 1456 1558 }
sea_zones = LIST { 2069 }
sea_zones = RANGE { 2078 2178 }
sea_zones = RANGE { 2180 2182 }
sea_zones = RANGE { 2285 2290 }


#############
# IMPASSABLE SEAS
#############
impassable_seas = LIST { 2299 }


###############
# MAJOR RIVERS
###############
river_provinces = RANGE { 1425 1427 }		# Krasarang River
river_provinces = LIST { 2010 }		# Vir'naal River
river_provinces = LIST { 852 }		# Wintergrasp River
river_provinces = RANGE { 422 425 }		# South Elrendar River
river_provinces = RANGE { 2070 2076 }		# Southfury River
river_provinces = LIST { 812 813 }		# Lumberjack River
river_provinces = LIST { 856 }		# Seabreach Flow
river_provinces = LIST { 854 }		# Rainspeaker Rapids
river_provinces = RANGE { 414 416 }		# Northgate River
river_provinces = LIST { 853 }		# Frenzyheart River
river_provinces = LIST { 726 727 }		# Creek River
river_provinces = LIST { 1424 }		# Dojani River
river_provinces = LIST { 1454 1455 }		# Gokk'lok Shallows
river_provinces = LIST { 2291 }		# Kingsmouth River
river_provinces = LIST { 1336 }		# Lake Nazferiti
river_provinces = RANGE { 1326 1335 }		# Nazferiti River
river_provinces = LIST { 1337 }		# Nazferiti River
river_provinces = LIST { 1435 }		# Gilded Fan
river_provinces = RANGE { 1428 1433 }		# Yan-Zhe River
river_provinces = RANGE { 809 811 }		# Dragonspine Tributary
river_provinces = RANGE { 419 421 }		# North Elrendar River
river_provinces = RANGE { 2292 2294 }		# Shattered River
river_provinces = LIST { 1434 }		# Gilding Stream
river_provinces = RANGE { 1394 1399 }		# Slicky Stream
river_provinces = LIST { 2012 }		# Vir'naal Delta
river_provinces = RANGE { 528 532 }		# Verrall River


########
# LAKES
########
lakes = RANGE { 400 413 }
lakes = LIST { 417 418 }
lakes = RANGE { 426 428 }
lakes = RANGE { 653 669 }
lakes = RANGE { 671 685 }
lakes = LIST { 694 }
lakes = RANGE { 723 725 }
lakes = LIST { 728 }
lakes = RANGE { 751 753 }
lakes = LIST { 776 807 808 814 829 831 850 851 855 857 931 932 943 }
lakes = RANGE { 1119 1127 }
lakes = RANGE { 1400 1407 }
lakes = RANGE { 1436 1453 }
lakes = LIST { 2011 }
lakes = RANGE { 2013 2068 }
lakes = RANGE { 2295 2297 }


#####################
# IMPASSABLE TERRAIN
#####################
impassable_mountains = LIST { 1141 1143 1589 1590 }
impassable_mountains = RANGE { 1991 2009 }
impassable_mountains = LIST { 2300 }


############
# WASTELAND
############
impassable_mountains = LIST { 647 }
impassable_mountains = RANGE { 837 839 }
impassable_mountains = RANGE { 1008 1118 }
impassable_mountains = RANGE { 1128 1137 }
impassable_mountains = RANGE { 1151 1153 }
impassable_mountains = LIST { 2077 2249 }




